**********************************************************************
** Visual Studio 2017 Developer Command Prompt v15.9.62
** Copyright (c) 2017 Microsoft Corporation
**********************************************************************
[vcvarsall.bat] Environment initialized for: 'x64'
-- Configuring done (0.1s)
-- Generating done (0.3s)
-- Build files have been written to: D:/project/C++/xuji103/build
[1/10] Automatic MOC and UIC for target lib_xuji103
[2/8] Automatic MOC and UIC for target xuji103
[3/6] Automatic MOC and UIC for target msg_parser
[4/5] Building CXX object msg_parser\CMakeFiles\msg_parser.dir\FrameParser.cpp.obj
FAILED: msg_parser/CMakeFiles/msg_parser.dir/FrameParser.cpp.obj 
"E:\Program Files (x86)\Microsoft Visual Studio\2017\Community\VC\Tools\MSVC\14.16.27023\bin\Hostx64\x64\cl.exe"  /nologo /TP -DQT_CORE_LIB -DQT_GUI_LIB -DQT_NETWORK_LIB -DQT_WIDGETS_LIB -ID:\project\C++\xuji103\build\msg_parser -ID:\project\C++\xuji103\msg_parser -ID:\project\C++\xuji103\build\msg_parser\msg_parser_autogen\include -ID:\project\C++\xuji103\lib\include -IE:\Qt\Qt5.13.2\5.13.2\msvc2017_64\include -IE:\Qt\Qt5.13.2\5.13.2\msvc2017_64\include\QtCore -IE:\Qt\Qt5.13.2\5.13.2\msvc2017_64\.\mkspecs\win32-msvc -IE:\Qt\Qt5.13.2\5.13.2\msvc2017_64\include\QtNetwork -IE:\Qt\Qt5.13.2\5.13.2\msvc2017_64\include\QtWidgets -IE:\Qt\Qt5.13.2\5.13.2\msvc2017_64\include\QtGui -IE:\Qt\Qt5.13.2\5.13.2\msvc2017_64\include\QtANGLE /DWIN32 /D_WINDOWS /W3 /GR /EHsc /utf-8 -DQT_QML_DEBUG -DQT_DECLARATIVE_DEBUG /MDd /Zi /Ob0 /Od /RTC1 -std:c++14 /utf-8 /W3 /showIncludes /Fomsg_parser\CMakeFiles\msg_parser.dir\FrameParser.cpp.obj /Fdmsg_parser\CMakeFiles\msg_parser.dir\ /FS -c D:\project\C++\xuji103\msg_parser\FrameParser.cpp
D:\project\C++\xuji103\msg_parser\FrameParser.cpp(454): error C2664: “QString QString::arg(const QString &,const QString &,const QString &,const QString &,const QString &,const QString &,const QString &,const QString &,const QString &) const”: 无法将参数 1 从“IEC103::FUN”转换为“qlonglong”
D:\project\C++\xuji103\msg_parser\FrameParser.cpp(454): note: 该强制转换要求显式类型强制转换(static_cast、C 样式强制转换或函数样式强制转换)
D:\project\C++\xuji103\msg_parser\FrameParser.cpp(454): error C2664: “QString `anonymous-namespace'::funName(uint8_t)”: 无法将参数 1 从“IEC103::FUN”转换为“uint8_t”
D:\project\C++\xuji103\msg_parser\FrameParser.cpp(454): note: 该强制转换要求显式类型强制转换(static_cast、C 样式强制转换或函数样式强制转换)
D:\project\C++\xuji103\msg_parser\FrameParser.cpp(453): error C2440: “<function-style-cast>”: 无法从“initializer list”转换为“FieldInfo”
D:\project\C++\xuji103\msg_parser\FrameParser.cpp(455): note: 无构造函数可以接受源类型，或构造函数重载决策不明确
D:\project\C++\xuji103\msg_parser\FrameParser.cpp(525): warning C4267: “参数”: 从“size_t”转换到“int”，可能丢失数据
D:\project\C++\xuji103\msg_parser\FrameParser.cpp(543): error C2664: “QString QString::arg(const QString &,const QString &,const QString &,const QString &,const QString &,const QString &,const QString &,const QString &,const QString &) const”: 无法将参数 1 从“IEC103::FUN”转换为“qlonglong”
D:\project\C++\xuji103\msg_parser\FrameParser.cpp(543): note: 该强制转换要求显式类型强制转换(static_cast、C 样式强制转换或函数样式强制转换)
D:\project\C++\xuji103\msg_parser\FrameParser.cpp(543): error C2664: “QString `anonymous-namespace'::funName(uint8_t)”: 无法将参数 1 从“IEC103::FUN”转换为“uint8_t”
D:\project\C++\xuji103\msg_parser\FrameParser.cpp(543): note: 该强制转换要求显式类型强制转换(static_cast、C 样式强制转换或函数样式强制转换)
D:\project\C++\xuji103\msg_parser\FrameParser.cpp(542): error C2440: “<function-style-cast>”: 无法从“initializer list”转换为“FieldInfo”
D:\project\C++\xuji103\msg_parser\FrameParser.cpp(544): note: 无构造函数可以接受源类型，或构造函数重载决策不明确
D:\project\C++\xuji103\msg_parser\FrameParser.cpp(594): error C2664: “QString QString::arg(const QString &,const QString &,const QString &,const QString &,const QString &,const QString &,const QString &,const QString &,const QString &) const”: 无法将参数 1 从“IEC103::FUN”转换为“qlonglong”
D:\project\C++\xuji103\msg_parser\FrameParser.cpp(594): note: 该强制转换要求显式类型强制转换(static_cast、C 样式强制转换或函数样式强制转换)
D:\project\C++\xuji103\msg_parser\FrameParser.cpp(594): error C2664: “QString `anonymous-namespace'::funName(uint8_t)”: 无法将参数 1 从“IEC103::FUN”转换为“uint8_t”
D:\project\C++\xuji103\msg_parser\FrameParser.cpp(594): note: 该强制转换要求显式类型强制转换(static_cast、C 样式强制转换或函数样式强制转换)
D:\project\C++\xuji103\msg_parser\FrameParser.cpp(593): error C2440: “<function-style-cast>”: 无法从“initializer list”转换为“FieldInfo”
D:\project\C++\xuji103\msg_parser\FrameParser.cpp(595): note: 无构造函数可以接受源类型，或构造函数重载决策不明确
ninja: build stopped: subcommand failed.
